exports[`Home renders correctly 1`] = `
<div
  className="home">
  <div
    className="hero"
    style={
      Object {
        "backgroundImage": "url(test-file-stub)"
      }
    }>
    <div
      className="sticky-logo is-not-stuck"
      style={undefined}>
      <h2
        className="logo">
        Basilica
      </h2>
    </div>
  </div>
  <div
    className="header-contents">
    City: Montreal
  </div>
  <div
    className="header-backdrop" />
  <div
    className="editorial">
    Words and Stuff
  </div>
  <div
    className="map">
    <div
      className="zoom-control">
      <button
        onClick={undefined}>
        +
      </button>
      <button
        onClick={false}>
        -
      </button>
    </div>
  </div>
  <div
    className="products-list">
    Your Component Here :)
  </div>
</div>
`;
